EN zpuino_debug_core NULL C:/Users/Setup/Dropbox/CWRUCutter_Papilio_Core/FPGA/CWRUCutterPapilioSchematic/Libraries/ZPUino_1/zpuino_debug_core.vhd sub00/vhpl16 1405011253
AR zpuino_top behave C:/Users/Setup/Dropbox/CWRUCutter_Papilio_Core/FPGA/CWRUCutterPapilioSchematic/Libraries/ZPUino_1/zpuino_top.vhd sub00/vhpl38 1405011275
EN wb_rom_ram NULL C:/Users/Setup/Dropbox/CWRUCutter_Papilio_Core/FPGA/CWRUCutterPapilioSchematic/Libraries/ZPUino_1/wb_rom_ram.vhd sub00/vhpl14 1405011251
EN dualport_ram NULL C:/Users/Setup/Dropbox/CWRUCutter_Papilio_Core/FPGA/CWRUCutterPapilioSchematic/Libraries/ZPUino_1/dualport_ram.vhd sub00/vhpl04 1405011241
EN lshifter NULL C:/Users/Setup/Dropbox/CWRUCutter_Papilio_Core/FPGA/CWRUCutterPapilioSchematic/Libraries/ZPUino_1/shifter.vhd sub00/vhpl06 1405011243
AR wbmux2 behave C:/Users/Setup/Dropbox/CWRUCutter_Papilio_Core/FPGA/CWRUCutterPapilioSchematic/Libraries/ZPUino_1/wbmux2.vhd sub00/vhpl21 1405011258
EN zpuino_timers NULL C:/Users/Setup/Dropbox/CWRUCutter_Papilio_Core/FPGA/CWRUCutterPapilioSchematic/Libraries/ZPUino_1/zpuino_timers.vhd sub00/vhpl45 1405011282
AR zpuino_timers behave C:/Users/Setup/Dropbox/CWRUCutter_Papilio_Core/FPGA/CWRUCutterPapilioSchematic/Libraries/ZPUino_1/zpuino_timers.vhd sub00/vhpl46 1405011283
AR zpuino_gpio behave C:/Users/Setup/Dropbox/CWRUCutter_Papilio_Core/FPGA/CWRUCutterPapilioSchematic/Libraries/ZPUino_1/zpuino_gpio.vhd sub00/vhpl44 1405011281
EN zpu_core_extreme NULL C:/Users/Setup/Dropbox/CWRUCutter_Papilio_Core/FPGA/CWRUCutterPapilioSchematic/Libraries/ZPUino_1/zpu_core_extreme.vhd sub00/vhpl12 1405011249
AR prescaler behave C:/Users/Setup/Dropbox/CWRUCutter_Papilio_Core/FPGA/CWRUCutterPapilioSchematic/Libraries/ZPUino_1/prescaler.vhd sub00/vhpl01 1405011238
EN wing_gpio NULL C:/Users/Setup/Dropbox/CWRUCutter_Papilio_Core/FPGA/CWRUCutterPapilioSchematic/Libraries/ZPUino_1/Wing_GPIO.vhd sub00/vhpl51 1405011304
EN zpuino_intr NULL C:/Users/Setup/Dropbox/CWRUCutter_Papilio_Core/FPGA/CWRUCutterPapilioSchematic/Libraries/ZPUino_1/zpuino_intr.vhd sub00/vhpl02 1405011239
EN wbmux2 NULL C:/Users/Setup/Dropbox/CWRUCutter_Papilio_Core/FPGA/CWRUCutterPapilioSchematic/Libraries/ZPUino_1/wbmux2.vhd sub00/vhpl20 1405011257
EN zpuino_uart NULL C:/Users/Setup/Dropbox/CWRUCutter_Papilio_Core/FPGA/CWRUCutterPapilioSchematic/Libraries/ZPUino_1/zpuino_uart.vhd sub00/vhpl41 1405011278
EN zpuino_io NULL C:/Users/Setup/Dropbox/CWRUCutter_Papilio_Core/FPGA/CWRUCutterPapilioSchematic/Libraries/ZPUino_1/zpuino_io.vhd sub00/vhpl18 1405011255
PB papilio_pkg papilio_pkg C:/Users/Setup/Dropbox/CWRUCutter_Papilio_Core/FPGA/CWRUCutterPapilioSchematic/Libraries/ZPUino_1/papilio_pkg.vhd sub00/vhpl25 1405011262
AR wing_gpio behavioral C:/Users/Setup/Dropbox/CWRUCutter_Papilio_Core/FPGA/CWRUCutterPapilioSchematic/Libraries/ZPUino_1/Wing_GPIO.vhd sub00/vhpl52 1405011305
AR lshifter behave C:/Users/Setup/Dropbox/CWRUCutter_Papilio_Core/FPGA/CWRUCutterPapilioSchematic/Libraries/ZPUino_1/shifter.vhd sub00/vhpl07 1405011244
AR papilio_default_wing_pinout behavioral C:/Users/Setup/Dropbox/CWRUCutter_Papilio_Core/FPGA/CWRUCutterPapilioSchematic/Libraries/ZPUino_1/Papilio_Default_Wing_Pinout.vhd sub00/vhpl54 1405011307
AR wb_rom_ram behave C:/Users/Setup/Dropbox/CWRUCutter_Papilio_Core/FPGA/CWRUCutterPapilioSchematic/Libraries/ZPUino_1/wb_rom_ram.vhd sub00/vhpl15 1405011252
AR zpu_core_extreme behave C:/Users/Setup/Dropbox/CWRUCutter_Papilio_Core/FPGA/CWRUCutterPapilioSchematic/Libraries/ZPUino_1/zpu_core_extreme.vhd sub00/vhpl13 1405011250
EN opad NULL C:/Users/Setup/Dropbox/CWRUCutter_Papilio_Core/FPGA/CWRUCutterPapilioSchematic/Libraries/ZPUino_1/pad.vhd sub00/vhpl33 1405011270
EN iopad NULL C:/Users/Setup/Dropbox/CWRUCutter_Papilio_Core/FPGA/CWRUCutterPapilioSchematic/Libraries/ZPUino_1/pad.vhd sub00/vhpl29 1405011266
AR iopad behave C:/Users/Setup/Dropbox/CWRUCutter_Papilio_Core/FPGA/CWRUCutterPapilioSchematic/Libraries/ZPUino_1/pad.vhd sub00/vhpl30 1405011267
AR fifo behave C:/Users/Setup/Dropbox/CWRUCutter_Papilio_Core/FPGA/CWRUCutterPapilioSchematic/Libraries/ZPUino_1/fifo.vhd sub00/vhpl11 1405011248
PH papilio_pkg NULL C:/Users/Setup/Dropbox/CWRUCutter_Papilio_Core/FPGA/CWRUCutterPapilioSchematic/Libraries/ZPUino_1/papilio_pkg.vhd sub00/vhpl24 1405011261
AR zpuino_debug_core behave C:/Users/Setup/Dropbox/CWRUCutter_Papilio_Core/FPGA/CWRUCutterPapilioSchematic/Libraries/ZPUino_1/zpuino_debug_core.vhd sub00/vhpl17 1405011254
AR opad behave C:/Users/Setup/Dropbox/CWRUCutter_Papilio_Core/FPGA/CWRUCutterPapilioSchematic/Libraries/ZPUino_1/pad.vhd sub00/vhpl34 1405011271
AR wbarb2_1 behave C:/Users/Setup/Dropbox/CWRUCutter_Papilio_Core/FPGA/CWRUCutterPapilioSchematic/Libraries/ZPUino_1/wbarb2_1.vhd sub00/vhpl23 1405011260
PH pad NULL C:/Users/Setup/Dropbox/CWRUCutter_Papilio_Core/FPGA/CWRUCutterPapilioSchematic/Libraries/ZPUino_1/pad.vhd sub00/vhpl26 1405011263
AR timer behave C:/Users/Setup/Dropbox/CWRUCutter_Papilio_Core/FPGA/CWRUCutterPapilioSchematic/Libraries/ZPUino_1/timer.vhd sub00/vhpl09 1405011246
EN ipad NULL C:/Users/Setup/Dropbox/CWRUCutter_Papilio_Core/FPGA/CWRUCutterPapilioSchematic/Libraries/ZPUino_1/pad.vhd sub00/vhpl31 1405011268
EN isync NULL C:/Users/Setup/Dropbox/CWRUCutter_Papilio_Core/FPGA/CWRUCutterPapilioSchematic/Libraries/ZPUino_1/pad.vhd sub00/vhpl27 1405011264
AR zpuino_papilio_one_v1 behave C:/Users/Setup/Dropbox/CWRUCutter_Papilio_Core/FPGA/CWRUCutterPapilioSchematic/Libraries/ZPUino_1/ZPUino_Papilio_One_V1.vhd sub00/vhpl50 1405011303
AR zpuino_crc16 behave C:/Users/Setup/Dropbox/CWRUCutter_Papilio_Core/FPGA/CWRUCutterPapilioSchematic/Libraries/ZPUino_1/zpuino_crc16.vhd sub00/vhpl48 1405011285
AR zpuino_io behave C:/Users/Setup/Dropbox/CWRUCutter_Papilio_Core/FPGA/CWRUCutterPapilioSchematic/Libraries/ZPUino_1/zpuino_io.vhd sub00/vhpl19 1405011256
EN zpuino_spi NULL C:/Users/Setup/Dropbox/CWRUCutter_Papilio_Core/FPGA/CWRUCutterPapilioSchematic/Libraries/ZPUino_1/zpuino_spi.vhd sub00/vhpl39 1405011276
AR zpuino_spi behave C:/Users/Setup/Dropbox/CWRUCutter_Papilio_Core/FPGA/CWRUCutterPapilioSchematic/Libraries/ZPUino_1/zpuino_spi.vhd sub00/vhpl40 1405011277
AR zpuino_serialreset behave C:/Users/Setup/Dropbox/CWRUCutter_Papilio_Core/FPGA/CWRUCutterPapilioSchematic/Libraries/ZPUino_1/zpuino_serialreset.vhd sub00/vhpl36 1405011273
EN wbarb2_1 NULL C:/Users/Setup/Dropbox/CWRUCutter_Papilio_Core/FPGA/CWRUCutterPapilioSchematic/Libraries/ZPUino_1/wbarb2_1.vhd sub00/vhpl22 1405011259
EN zpuino_papilio_one_v1 NULL C:/Users/Setup/Dropbox/CWRUCutter_Papilio_Core/FPGA/CWRUCutterPapilioSchematic/Libraries/ZPUino_1/ZPUino_Papilio_One_V1.vhd sub00/vhpl49 1405011302
AR zpuino_intr behave C:/Users/Setup/Dropbox/CWRUCutter_Papilio_Core/FPGA/CWRUCutterPapilioSchematic/Libraries/ZPUino_1/zpuino_intr.vhd sub00/vhpl03 1405011240
EN zpuino_top NULL C:/Users/Setup/Dropbox/CWRUCutter_Papilio_Core/FPGA/CWRUCutterPapilioSchematic/Libraries/ZPUino_1/zpuino_top.vhd sub00/vhpl37 1405011274
AR dualport_ram behave C:/Users/Setup/Dropbox/CWRUCutter_Papilio_Core/FPGA/CWRUCutterPapilioSchematic/Libraries/ZPUino_1/dualport_ram.vhd sub00/vhpl05 1405011242
EN prescaler NULL C:/Users/Setup/Dropbox/CWRUCutter_Papilio_Core/FPGA/CWRUCutterPapilioSchematic/Libraries/ZPUino_1/prescaler.vhd sub00/vhpl00 1405011237
EN papilio_default_wing_pinout NULL C:/Users/Setup/Dropbox/CWRUCutter_Papilio_Core/FPGA/CWRUCutterPapilioSchematic/Libraries/ZPUino_1/Papilio_Default_Wing_Pinout.vhd sub00/vhpl53 1405011306
AR zpuino_uart behave C:/Users/Setup/Dropbox/CWRUCutter_Papilio_Core/FPGA/CWRUCutterPapilioSchematic/Libraries/ZPUino_1/zpuino_uart.vhd sub00/vhpl42 1405011279
EN fifo NULL C:/Users/Setup/Dropbox/CWRUCutter_Papilio_Core/FPGA/CWRUCutterPapilioSchematic/Libraries/ZPUino_1/fifo.vhd sub00/vhpl10 1405011247
EN zpuino_serialreset NULL C:/Users/Setup/Dropbox/CWRUCutter_Papilio_Core/FPGA/CWRUCutterPapilioSchematic/Libraries/ZPUino_1/zpuino_serialreset.vhd sub00/vhpl35 1405011272
EN zpuino_crc16 NULL C:/Users/Setup/Dropbox/CWRUCutter_Papilio_Core/FPGA/CWRUCutterPapilioSchematic/Libraries/ZPUino_1/zpuino_crc16.vhd sub00/vhpl47 1405011284
EN zpuino_gpio NULL C:/Users/Setup/Dropbox/CWRUCutter_Papilio_Core/FPGA/CWRUCutterPapilioSchematic/Libraries/ZPUino_1/zpuino_gpio.vhd sub00/vhpl43 1405011280
AR isync behave C:/Users/Setup/Dropbox/CWRUCutter_Papilio_Core/FPGA/CWRUCutterPapilioSchematic/Libraries/ZPUino_1/pad.vhd sub00/vhpl28 1405011265
AR ipad behave C:/Users/Setup/Dropbox/CWRUCutter_Papilio_Core/FPGA/CWRUCutterPapilioSchematic/Libraries/ZPUino_1/pad.vhd sub00/vhpl32 1405011269
EN timer NULL C:/Users/Setup/Dropbox/CWRUCutter_Papilio_Core/FPGA/CWRUCutterPapilioSchematic/Libraries/ZPUino_1/timer.vhd sub00/vhpl08 1405011245
