V3 120
FL C:/Users/Setup/Dropbox/CWRUCutter_Papilio_Core/FPGA/CWRUCutterPapilioSchematic/Libraries/ZPUino_1/dualport_ram.vhd 2014/01/30.14:02:52 P.20131013
EN zpuino/dualport_ram 1405011241 \
      FL C:/Users/Setup/Dropbox/CWRUCutter_Papilio_Core/FPGA/CWRUCutterPapilioSchematic/Libraries/ZPUino_1/dualport_ram.vhd \
      PB ieee/std_logic_1164 1381692176 PB ieee/NUMERIC_STD 1381692181 \
      PB ieee/STD_LOGIC_UNSIGNED 1381692179 LB board PH board/zpupkg 1405011227
AR zpuino/dualport_ram/behave 1405011242 \
      FL C:/Users/Setup/Dropbox/CWRUCutter_Papilio_Core/FPGA/CWRUCutterPapilioSchematic/Libraries/ZPUino_1/dualport_ram.vhd \
      EN zpuino/dualport_ram 1405011241 CP prom_generic_dualport
FL C:/Users/Setup/Dropbox/CWRUCutter_Papilio_Core/FPGA/CWRUCutterPapilioSchematic/Libraries/ZPUino_1/fifo.vhd 2014/01/30.14:02:52 P.20131013
EN zpuino/fifo 1405011247 \
      FL C:/Users/Setup/Dropbox/CWRUCutter_Papilio_Core/FPGA/CWRUCutterPapilioSchematic/Libraries/ZPUino_1/fifo.vhd \
      PB ieee/std_logic_1164 1381692176 PB ieee/NUMERIC_STD 1381692181 \
      PB ieee/STD_LOGIC_UNSIGNED 1381692179
AR zpuino/fifo/behave 1405011248 \
      FL C:/Users/Setup/Dropbox/CWRUCutter_Papilio_Core/FPGA/CWRUCutterPapilioSchematic/Libraries/ZPUino_1/fifo.vhd \
      EN zpuino/fifo 1405011247
FL C:/Users/Setup/Dropbox/CWRUCutter_Papilio_Core/FPGA/CWRUCutterPapilioSchematic/Libraries/ZPUino_1/pad.vhd 2014/01/30.14:02:52 P.20131013
PH zpuino/pad 1405011263 \
      FL C:/Users/Setup/Dropbox/CWRUCutter_Papilio_Core/FPGA/CWRUCutterPapilioSchematic/Libraries/ZPUino_1/pad.vhd \
      PB ieee/std_logic_1164 1381692176 PB ieee/NUMERIC_STD 1381692181 LB UNISIM \
      PH unisim/VCOMPONENTS 1381692182 CD iopad CD ipad CD opad CD isync
EN zpuino/isync 1405011264 \
      FL C:/Users/Setup/Dropbox/CWRUCutter_Papilio_Core/FPGA/CWRUCutterPapilioSchematic/Libraries/ZPUino_1/pad.vhd \
      PB ieee/std_logic_1164 1381692176 PB ieee/NUMERIC_STD 1381692181 LB UNISIM \
      PH unisim/VCOMPONENTS 1381692182
AR zpuino/isync/behave 1405011265 \
      FL C:/Users/Setup/Dropbox/CWRUCutter_Papilio_Core/FPGA/CWRUCutterPapilioSchematic/Libraries/ZPUino_1/pad.vhd \
      EN zpuino/isync 1405011264 CP FD
EN zpuino/iopad 1405011266 \
      FL C:/Users/Setup/Dropbox/CWRUCutter_Papilio_Core/FPGA/CWRUCutterPapilioSchematic/Libraries/ZPUino_1/pad.vhd \
      PB ieee/std_logic_1164 1381692176 PB ieee/NUMERIC_STD 1381692181 \
      PH zpuino/pad 1405011263 LB UNISIM PH unisim/VCOMPONENTS 1381692182
AR zpuino/iopad/behave 1405011267 \
      FL C:/Users/Setup/Dropbox/CWRUCutter_Papilio_Core/FPGA/CWRUCutterPapilioSchematic/Libraries/ZPUino_1/pad.vhd \
      EN zpuino/iopad 1405011266 CP isync
EN zpuino/ipad 1405011268 \
      FL C:/Users/Setup/Dropbox/CWRUCutter_Papilio_Core/FPGA/CWRUCutterPapilioSchematic/Libraries/ZPUino_1/pad.vhd \
      PB ieee/std_logic_1164 1381692176 PB ieee/NUMERIC_STD 1381692181 \
      PH zpuino/pad 1405011263 LB UNISIM PH unisim/VCOMPONENTS 1381692182
AR zpuino/ipad/behave 1405011269 \
      FL C:/Users/Setup/Dropbox/CWRUCutter_Papilio_Core/FPGA/CWRUCutterPapilioSchematic/Libraries/ZPUino_1/pad.vhd \
      EN zpuino/ipad 1405011268 CP isync
EN zpuino/opad 1405011270 \
      FL C:/Users/Setup/Dropbox/CWRUCutter_Papilio_Core/FPGA/CWRUCutterPapilioSchematic/Libraries/ZPUino_1/pad.vhd \
      PB ieee/std_logic_1164 1381692176 PB ieee/NUMERIC_STD 1381692181 \
      PH zpuino/pad 1405011263 LB UNISIM PH unisim/VCOMPONENTS 1381692182
AR zpuino/opad/behave 1405011271 \
      FL C:/Users/Setup/Dropbox/CWRUCutter_Papilio_Core/FPGA/CWRUCutterPapilioSchematic/Libraries/ZPUino_1/pad.vhd \
      EN zpuino/opad 1405011270 CP OBUF
FL C:/Users/Setup/Dropbox/CWRUCutter_Papilio_Core/FPGA/CWRUCutterPapilioSchematic/Libraries/ZPUino_1/Papilio_Default_Wing_Pinout.vhd 2014/01/30.14:02:52 P.20131013
EN zpuino/Papilio_Default_Wing_Pinout 1405011306 \
      FL C:/Users/Setup/Dropbox/CWRUCutter_Papilio_Core/FPGA/CWRUCutterPapilioSchematic/Libraries/ZPUino_1/Papilio_Default_Wing_Pinout.vhd \
      PB ieee/std_logic_1164 1381692176 PB ieee/NUMERIC_STD 1381692181 LB UNISIM \
      PH unisim/VCOMPONENTS 1381692182 LB board PH board/zpupkg 1405011227 \
      PH board/zpuinopkg 1405011236 PH board/zpuino_config 1405011228 \
      PH board/zpu_config 1405011226 LB zpuino PH zpuino/pad 1405011263 \
      PB zpuino/papilio_pkg 1405011262
AR zpuino/Papilio_Default_Wing_Pinout/BEHAVIORAL 1405011307 \
      FL C:/Users/Setup/Dropbox/CWRUCutter_Papilio_Core/FPGA/CWRUCutterPapilioSchematic/Libraries/ZPUino_1/Papilio_Default_Wing_Pinout.vhd \
      EN zpuino/Papilio_Default_Wing_Pinout 1405011306 CP IOPAD
FL C:/Users/Setup/Dropbox/CWRUCutter_Papilio_Core/FPGA/CWRUCutterPapilioSchematic/Libraries/ZPUino_1/papilio_pkg.vhd 2014/01/30.14:02:52 P.20131013
PH zpuino/papilio_pkg 1405011261 \
      FL C:/Users/Setup/Dropbox/CWRUCutter_Papilio_Core/FPGA/CWRUCutterPapilioSchematic/Libraries/ZPUino_1/papilio_pkg.vhd \
      PB ieee/std_logic_1164 1381692176
PB zpuino/papilio_pkg 1405011262 \
      FL C:/Users/Setup/Dropbox/CWRUCutter_Papilio_Core/FPGA/CWRUCutterPapilioSchematic/Libraries/ZPUino_1/papilio_pkg.vhd \
      PH zpuino/papilio_pkg 1405011261
FL C:/Users/Setup/Dropbox/CWRUCutter_Papilio_Core/FPGA/CWRUCutterPapilioSchematic/Libraries/ZPUino_1/prescaler.vhd 2014/01/30.14:02:52 P.20131013
EN zpuino/prescaler 1405011237 \
      FL C:/Users/Setup/Dropbox/CWRUCutter_Papilio_Core/FPGA/CWRUCutterPapilioSchematic/Libraries/ZPUino_1/prescaler.vhd \
      PB ieee/std_logic_1164 1381692176 PB ieee/STD_LOGIC_UNSIGNED 1381692179 \
      PB ieee/NUMERIC_STD 1381692181
AR zpuino/prescaler/behave 1405011238 \
      FL C:/Users/Setup/Dropbox/CWRUCutter_Papilio_Core/FPGA/CWRUCutterPapilioSchematic/Libraries/ZPUino_1/prescaler.vhd \
      EN zpuino/prescaler 1405011237
FL C:/Users/Setup/Dropbox/CWRUCutter_Papilio_Core/FPGA/CWRUCutterPapilioSchematic/Libraries/ZPUino_1/shifter.vhd 2014/01/30.14:02:52 P.20131013
EN zpuino/lshifter 1405011243 \
      FL C:/Users/Setup/Dropbox/CWRUCutter_Papilio_Core/FPGA/CWRUCutterPapilioSchematic/Libraries/ZPUino_1/shifter.vhd \
      PB ieee/std_logic_1164 1381692176 PB ieee/NUMERIC_STD 1381692181
AR zpuino/lshifter/behave 1405011244 \
      FL C:/Users/Setup/Dropbox/CWRUCutter_Papilio_Core/FPGA/CWRUCutterPapilioSchematic/Libraries/ZPUino_1/shifter.vhd \
      EN zpuino/lshifter 1405011243
FL C:/Users/Setup/Dropbox/CWRUCutter_Papilio_Core/FPGA/CWRUCutterPapilioSchematic/Libraries/ZPUino_1/timer.vhd 2014/01/30.14:02:52 P.20131013
EN zpuino/timer 1405011245 \
      FL C:/Users/Setup/Dropbox/CWRUCutter_Papilio_Core/FPGA/CWRUCutterPapilioSchematic/Libraries/ZPUino_1/timer.vhd \
      PB ieee/std_logic_1164 1381692176 PB ieee/STD_LOGIC_UNSIGNED 1381692179 \
      PB ieee/NUMERIC_STD 1381692181 LB board PH board/zpu_config 1405011226 \
      PH board/zpupkg 1405011227 PH board/zpuinopkg 1405011236
AR zpuino/timer/behave 1405011246 \
      FL C:/Users/Setup/Dropbox/CWRUCutter_Papilio_Core/FPGA/CWRUCutterPapilioSchematic/Libraries/ZPUino_1/timer.vhd \
      EN zpuino/timer 1405011245 CP prescaler
FL C:/Users/Setup/Dropbox/CWRUCutter_Papilio_Core/FPGA/CWRUCutterPapilioSchematic/Libraries/ZPUino_1/wbarb2_1.vhd 2014/01/30.14:02:52 P.20131013
EN zpuino/wbarb2_1 1405011259 \
      FL C:/Users/Setup/Dropbox/CWRUCutter_Papilio_Core/FPGA/CWRUCutterPapilioSchematic/Libraries/ZPUino_1/wbarb2_1.vhd \
      PB ieee/std_logic_1164 1381692176 PB ieee/NUMERIC_STD 1381692181 \
      PB ieee/STD_LOGIC_UNSIGNED 1381692179 LB board PH board/zpu_config 1405011226
AR zpuino/wbarb2_1/behave 1405011260 \
      FL C:/Users/Setup/Dropbox/CWRUCutter_Papilio_Core/FPGA/CWRUCutterPapilioSchematic/Libraries/ZPUino_1/wbarb2_1.vhd \
      EN zpuino/wbarb2_1 1405011259
FL C:/Users/Setup/Dropbox/CWRUCutter_Papilio_Core/FPGA/CWRUCutterPapilioSchematic/Libraries/ZPUino_1/wbmux2.vhd 2014/01/30.14:02:52 P.20131013
EN zpuino/wbmux2 1405011257 \
      FL C:/Users/Setup/Dropbox/CWRUCutter_Papilio_Core/FPGA/CWRUCutterPapilioSchematic/Libraries/ZPUino_1/wbmux2.vhd \
      PB ieee/std_logic_1164 1381692176 PB ieee/NUMERIC_STD 1381692181 \
      PB ieee/STD_LOGIC_UNSIGNED 1381692179 LB board PH board/zpu_config 1405011226
AR zpuino/wbmux2/behave 1405011258 \
      FL C:/Users/Setup/Dropbox/CWRUCutter_Papilio_Core/FPGA/CWRUCutterPapilioSchematic/Libraries/ZPUino_1/wbmux2.vhd \
      EN zpuino/wbmux2 1405011257
FL C:/Users/Setup/Dropbox/CWRUCutter_Papilio_Core/FPGA/CWRUCutterPapilioSchematic/Libraries/ZPUino_1/wb_rom_ram.vhd 2014/01/30.14:02:52 P.20131013
EN zpuino/wb_rom_ram 1405011251 \
      FL C:/Users/Setup/Dropbox/CWRUCutter_Papilio_Core/FPGA/CWRUCutterPapilioSchematic/Libraries/ZPUino_1/wb_rom_ram.vhd \
      PB ieee/std_logic_1164 1381692176 PB ieee/NUMERIC_STD 1381692181 LB board \
      PH board/zpuino_config 1405011228 PH board/zpu_config 1405011226 \
      PH board/zpupkg 1405011227 PH board/zpuinopkg 1405011236 \
      PH board/wishbonepkg 1405011231
AR zpuino/wb_rom_ram/behave 1405011252 \
      FL C:/Users/Setup/Dropbox/CWRUCutter_Papilio_Core/FPGA/CWRUCutterPapilioSchematic/Libraries/ZPUino_1/wb_rom_ram.vhd \
      EN zpuino/wb_rom_ram 1405011251 CP dualport_ram
FL C:/Users/Setup/Dropbox/CWRUCutter_Papilio_Core/FPGA/CWRUCutterPapilioSchematic/Libraries/ZPUino_1/Wing_GPIO.vhd 2014/01/30.14:02:52 P.20131013
EN zpuino/Wing_GPIO 1405011304 \
      FL C:/Users/Setup/Dropbox/CWRUCutter_Papilio_Core/FPGA/CWRUCutterPapilioSchematic/Libraries/ZPUino_1/Wing_GPIO.vhd \
      PB ieee/std_logic_1164 1381692176
AR zpuino/Wing_GPIO/Behavioral 1405011305 \
      FL C:/Users/Setup/Dropbox/CWRUCutter_Papilio_Core/FPGA/CWRUCutterPapilioSchematic/Libraries/ZPUino_1/Wing_GPIO.vhd \
      EN zpuino/Wing_GPIO 1405011304
FL C:/Users/Setup/Dropbox/CWRUCutter_Papilio_Core/FPGA/CWRUCutterPapilioSchematic/Libraries/ZPUino_1/zpuino_crc16.vhd 2014/01/30.14:02:52 P.20131013
EN zpuino/zpuino_crc16 1405011284 \
      FL C:/Users/Setup/Dropbox/CWRUCutter_Papilio_Core/FPGA/CWRUCutterPapilioSchematic/Libraries/ZPUino_1/zpuino_crc16.vhd \
      PB ieee/std_logic_1164 1381692176 PB ieee/NUMERIC_STD 1381692181 LB board \
      PH board/zpu_config 1405011226 PH board/zpupkg 1405011227 PH board/zpuinopkg 1405011236
AR zpuino/zpuino_crc16/behave 1405011285 \
      FL C:/Users/Setup/Dropbox/CWRUCutter_Papilio_Core/FPGA/CWRUCutterPapilioSchematic/Libraries/ZPUino_1/zpuino_crc16.vhd \
      EN zpuino/zpuino_crc16 1405011284
FL C:/Users/Setup/Dropbox/CWRUCutter_Papilio_Core/FPGA/CWRUCutterPapilioSchematic/Libraries/ZPUino_1/zpuino_debug_core.vhd 2014/01/30.14:02:52 P.20131013
EN zpuino/zpuino_debug_core 1405011253 \
      FL C:/Users/Setup/Dropbox/CWRUCutter_Papilio_Core/FPGA/CWRUCutterPapilioSchematic/Libraries/ZPUino_1/zpuino_debug_core.vhd \
      PB ieee/std_logic_1164 1381692176 PB ieee/NUMERIC_STD 1381692181 LB board \
      PH board/zpuino_config 1405011228 PH board/zpu_config 1405011226 \
      PH board/zpupkg 1405011227 PH board/zpuinopkg 1405011236
AR zpuino/zpuino_debug_core/behave 1405011254 \
      FL C:/Users/Setup/Dropbox/CWRUCutter_Papilio_Core/FPGA/CWRUCutterPapilioSchematic/Libraries/ZPUino_1/zpuino_debug_core.vhd \
      EN zpuino/zpuino_debug_core 1405011253
FL C:/Users/Setup/Dropbox/CWRUCutter_Papilio_Core/FPGA/CWRUCutterPapilioSchematic/Libraries/ZPUino_1/zpuino_gpio.vhd 2014/01/30.14:02:52 P.20131013
EN zpuino/zpuino_gpio 1405011280 \
      FL C:/Users/Setup/Dropbox/CWRUCutter_Papilio_Core/FPGA/CWRUCutterPapilioSchematic/Libraries/ZPUino_1/zpuino_gpio.vhd \
      PB ieee/std_logic_1164 1381692176 PB ieee/NUMERIC_STD 1381692181 \
      PB ieee/STD_LOGIC_UNSIGNED 1381692179 LB board PH board/zpuino_config 1405011228 \
      PH board/zpu_config 1405011226 PH board/zpupkg 1405011227 PH board/zpuinopkg 1405011236
AR zpuino/zpuino_gpio/behave 1405011281 \
      FL C:/Users/Setup/Dropbox/CWRUCutter_Papilio_Core/FPGA/CWRUCutterPapilioSchematic/Libraries/ZPUino_1/zpuino_gpio.vhd \
      EN zpuino/zpuino_gpio 1405011280
FL C:/Users/Setup/Dropbox/CWRUCutter_Papilio_Core/FPGA/CWRUCutterPapilioSchematic/Libraries/ZPUino_1/zpuino_intr.vhd 2014/01/30.14:02:52 P.20131013
EN zpuino/zpuino_intr 1405011239 \
      FL C:/Users/Setup/Dropbox/CWRUCutter_Papilio_Core/FPGA/CWRUCutterPapilioSchematic/Libraries/ZPUino_1/zpuino_intr.vhd \
      PB ieee/std_logic_1164 1381692176 PB ieee/NUMERIC_STD 1381692181 LB board \
      PH board/zpu_config 1405011226 PH board/zpupkg 1405011227 PH board/zpuinopkg 1405011236
AR zpuino/zpuino_intr/behave 1405011240 \
      FL C:/Users/Setup/Dropbox/CWRUCutter_Papilio_Core/FPGA/CWRUCutterPapilioSchematic/Libraries/ZPUino_1/zpuino_intr.vhd \
      EN zpuino/zpuino_intr 1405011239
FL C:/Users/Setup/Dropbox/CWRUCutter_Papilio_Core/FPGA/CWRUCutterPapilioSchematic/Libraries/ZPUino_1/zpuino_io.vhd 2014/01/30.14:02:52 P.20131013
EN zpuino/zpuino_io 1405011255 \
      FL C:/Users/Setup/Dropbox/CWRUCutter_Papilio_Core/FPGA/CWRUCutterPapilioSchematic/Libraries/ZPUino_1/zpuino_io.vhd \
      PB ieee/std_logic_1164 1381692176 PB ieee/NUMERIC_STD 1381692181 LB board \
      PH board/zpuino_config 1405011228 PH board/zpu_config 1405011226 \
      PH board/zpupkg 1405011227 PH board/zpuinopkg 1405011236
AR zpuino/zpuino_io/behave 1405011256 \
      FL C:/Users/Setup/Dropbox/CWRUCutter_Papilio_Core/FPGA/CWRUCutterPapilioSchematic/Libraries/ZPUino_1/zpuino_io.vhd \
      EN zpuino/zpuino_io 1405011255 CP zpuino_intr
FL C:/Users/Setup/Dropbox/CWRUCutter_Papilio_Core/FPGA/CWRUCutterPapilioSchematic/Libraries/ZPUino_1/ZPUino_Papilio_One_V1.vhd 2014/01/30.14:02:52 P.20131013
EN zpuino/ZPUino_Papilio_One_V1 1405011302 \
      FL C:/Users/Setup/Dropbox/CWRUCutter_Papilio_Core/FPGA/CWRUCutterPapilioSchematic/Libraries/ZPUino_1/ZPUino_Papilio_One_V1.vhd \
      PB ieee/std_logic_1164 1381692176 PB ieee/NUMERIC_STD 1381692181 LB zpuino \
      PH zpuino/pad 1405011263 PB zpuino/papilio_pkg 1405011262 LB board \
      PH board/zpuino_config 1405011228 PH board/zpu_config 1405011226 \
      PH board/zpupkg 1405011227 PH board/zpuinopkg 1405011236 LB UNISIM \
      PH unisim/VCOMPONENTS 1381692182
AR zpuino/ZPUino_Papilio_One_V1/behave 1405011303 \
      FL C:/Users/Setup/Dropbox/CWRUCutter_Papilio_Core/FPGA/CWRUCutterPapilioSchematic/Libraries/ZPUino_1/ZPUino_Papilio_One_V1.vhd \
      EN zpuino/ZPUino_Papilio_One_V1 1405011302 CP zpuino_serialreset CP clkgen \
      CP zpuino_top CP zpuino_spi CP zpuino_uart CP zpuino_gpio CP zpuino_timers \
      CP zpuino_crc16 CP IPAD CP OPAD
FL C:/Users/Setup/Dropbox/CWRUCutter_Papilio_Core/FPGA/CWRUCutterPapilioSchematic/Libraries/ZPUino_1/zpuino_serialreset.vhd 2014/01/30.14:02:52 P.20131013
EN zpuino/zpuino_serialreset 1405011272 \
      FL C:/Users/Setup/Dropbox/CWRUCutter_Papilio_Core/FPGA/CWRUCutterPapilioSchematic/Libraries/ZPUino_1/zpuino_serialreset.vhd \
      PB ieee/std_logic_1164 1381692176 PB ieee/NUMERIC_STD 1381692181 LB board \
      PH board/zpuino_config 1405011228 PH board/zpu_config 1405011226 \
      PH board/zpupkg 1405011227 PH board/zpuinopkg 1405011236
AR zpuino/zpuino_serialreset/behave 1405011273 \
      FL C:/Users/Setup/Dropbox/CWRUCutter_Papilio_Core/FPGA/CWRUCutterPapilioSchematic/Libraries/ZPUino_1/zpuino_serialreset.vhd \
      EN zpuino/zpuino_serialreset 1405011272
FL C:/Users/Setup/Dropbox/CWRUCutter_Papilio_Core/FPGA/CWRUCutterPapilioSchematic/Libraries/ZPUino_1/zpuino_spi.vhd 2014/01/30.14:02:52 P.20131013
EN zpuino/zpuino_spi 1405011276 \
      FL C:/Users/Setup/Dropbox/CWRUCutter_Papilio_Core/FPGA/CWRUCutterPapilioSchematic/Libraries/ZPUino_1/zpuino_spi.vhd \
      PB ieee/std_logic_1164 1381692176 PB ieee/NUMERIC_STD 1381692181 LB board \
      PH board/zpuino_config 1405011228 PH board/zpu_config 1405011226 \
      PH board/zpupkg 1405011227 PH board/zpuinopkg 1405011236
AR zpuino/zpuino_spi/behave 1405011277 \
      FL C:/Users/Setup/Dropbox/CWRUCutter_Papilio_Core/FPGA/CWRUCutterPapilioSchematic/Libraries/ZPUino_1/zpuino_spi.vhd \
      EN zpuino/zpuino_spi 1405011276 CP spi CP spiclkgen
FL C:/Users/Setup/Dropbox/CWRUCutter_Papilio_Core/FPGA/CWRUCutterPapilioSchematic/Libraries/ZPUino_1/zpuino_timers.vhd 2014/01/30.14:02:52 P.20131013
EN zpuino/zpuino_timers 1405011282 \
      FL C:/Users/Setup/Dropbox/CWRUCutter_Papilio_Core/FPGA/CWRUCutterPapilioSchematic/Libraries/ZPUino_1/zpuino_timers.vhd \
      PB ieee/std_logic_1164 1381692176 PB ieee/STD_LOGIC_UNSIGNED 1381692179 \
      PB ieee/NUMERIC_STD 1381692181 LB board PH board/zpuino_config 1405011228 \
      PH board/zpu_config 1405011226 PH board/zpupkg 1405011227 PH board/zpuinopkg 1405011236
AR zpuino/zpuino_timers/behave 1405011283 \
      FL C:/Users/Setup/Dropbox/CWRUCutter_Papilio_Core/FPGA/CWRUCutterPapilioSchematic/Libraries/ZPUino_1/zpuino_timers.vhd \
      EN zpuino/zpuino_timers 1405011282 CP timer
FL C:/Users/Setup/Dropbox/CWRUCutter_Papilio_Core/FPGA/CWRUCutterPapilioSchematic/Libraries/ZPUino_1/zpuino_top.vhd 2014/01/30.14:02:52 P.20131013
EN zpuino/zpuino_top 1405011274 \
      FL C:/Users/Setup/Dropbox/CWRUCutter_Papilio_Core/FPGA/CWRUCutterPapilioSchematic/Libraries/ZPUino_1/zpuino_top.vhd \
      PB ieee/std_logic_1164 1381692176 PB ieee/NUMERIC_STD 1381692181 LB board \
      PH board/zpuino_config 1405011228 PH board/zpu_config 1405011226 \
      PH board/zpupkg 1405011227 PH board/zpuinopkg 1405011236 \
      PH board/wishbonepkg 1405011231
AR zpuino/zpuino_top/behave 1405011275 \
      FL C:/Users/Setup/Dropbox/CWRUCutter_Papilio_Core/FPGA/CWRUCutterPapilioSchematic/Libraries/ZPUino_1/zpuino_top.vhd \
      EN zpuino/zpuino_top 1405011274 CP zpu_core_extreme CP zpuino_stack \
      CP wb_rom_ram CP zpuino_debug_core CP zpuino_io CP wbmux2 CP wbarb2_1
FL C:/Users/Setup/Dropbox/CWRUCutter_Papilio_Core/FPGA/CWRUCutterPapilioSchematic/Libraries/ZPUino_1/zpuino_uart.vhd 2014/01/30.14:02:52 P.20131013
EN zpuino/zpuino_uart 1405011278 \
      FL C:/Users/Setup/Dropbox/CWRUCutter_Papilio_Core/FPGA/CWRUCutterPapilioSchematic/Libraries/ZPUino_1/zpuino_uart.vhd \
      PB ieee/std_logic_1164 1381692176 PB ieee/NUMERIC_STD 1381692181 LB board \
      PH board/zpu_config 1405011226 PH board/zpupkg 1405011227 PH board/zpuinopkg 1405011236
AR zpuino/zpuino_uart/behave 1405011279 \
      FL C:/Users/Setup/Dropbox/CWRUCutter_Papilio_Core/FPGA/CWRUCutterPapilioSchematic/Libraries/ZPUino_1/zpuino_uart.vhd \
      EN zpuino/zpuino_uart 1405011278 CP zpuino_uart_rx CP TxUnit CP uart_brgen \
      CP fifo
FL C:/Users/Setup/Dropbox/CWRUCutter_Papilio_Core/FPGA/CWRUCutterPapilioSchematic/Libraries/ZPUino_1/zpu_core_extreme.vhd 2014/01/30.14:02:52 P.20131013
EN zpuino/zpu_core_extreme 1405011249 \
      FL C:/Users/Setup/Dropbox/CWRUCutter_Papilio_Core/FPGA/CWRUCutterPapilioSchematic/Libraries/ZPUino_1/zpu_core_extreme.vhd \
      PB ieee/std_logic_1164 1381692176 PB ieee/NUMERIC_STD 1381692181 LB board \
      PH board/zpu_config 1405011226 PH board/zpupkg 1405011227 \
      PH board/wishbonepkg 1405011231
AR zpuino/zpu_core_extreme/behave 1405011250 \
      FL C:/Users/Setup/Dropbox/CWRUCutter_Papilio_Core/FPGA/CWRUCutterPapilioSchematic/Libraries/ZPUino_1/zpu_core_extreme.vhd \
      EN zpuino/zpu_core_extreme 1405011249 CP lshifter CP trace
